2026-08-11  8:17:11 0 [Note] Using unique option prefix 'key_buffer' is error-prone and can break in the future. Please use the full name 'key_buffer_size' instead.
2026-08-11  8:17:11 0 [Note] Starting MariaDB 10.4.32-MariaDB source revision c4143f909528e3fab0677a28631d10389354c491 as process 21640
2026-08-11  8:17:11 0 [Note] InnoDB: Mutexes and rw_locks use Windows interlocked functions
2026-08-11  8:17:11 0 [Note] InnoDB: Uses event mutexes
2026-08-11  8:17:11 0 [Note] InnoDB: Compressed tables use zlib 1.3
2026-08-11  8:17:11 0 [Note] InnoDB: Number of pools: 1
2026-08-11  8:17:11 0 [Note] InnoDB: Using SSE2 crc32 instructions
2026-08-11  8:17:11 0 [Note] InnoDB: Initializing buffer pool, total size = 16M, instances = 1, chunk size = 16M
2026-08-11  8:17:11 0 [Note] InnoDB: Completed initialization of buffer pool
2026-08-11  8:17:11 0 [Note] InnoDB: Resizing redo log from 2*50331648 to 2*5242880 bytes; LSN=60952
2026-08-11  8:17:11 0 [Note] InnoDB: Starting to delete and rewrite log files.
2026-08-11  8:17:11 0 [Note] InnoDB: Setting log file C:\dbase\mysql\data\ib_logfile101 size to 5242880 bytes
2026-08-11  8:17:11 0 [Note] InnoDB: Setting log file C:\dbase\mysql\data\ib_logfile1 size to 5242880 bytes
2026-08-11  8:17:11 0 [Note] InnoDB: Renaming log file C:\dbase\mysql\data\ib_logfile101 to C:\dbase\mysql\data\ib_logfile0
2026-08-11  8:17:11 0 [Note] InnoDB: New log files created, LSN=60952
2026-08-11  8:17:11 0 [Note] InnoDB: 128 out of 128 rollback segments are active.
2026-08-11  8:17:11 0 [Note] InnoDB: Creating shared tablespace for temporary tables
2026-08-11  8:17:11 0 [Note] InnoDB: Setting file 'C:\dbase\mysql\data\ibtmp1' size to 12 MB. Physically writing the file full; Please wait ...
2026-08-11  8:17:11 0 [Note] InnoDB: File 'C:\dbase\mysql\data\ibtmp1' size is now 12 MB.
2026-08-11  8:17:11 0 [Note] InnoDB: Waiting for purge to start
2026-08-11  8:17:11 0 [Note] InnoDB: 10.4.32 started; log sequence number 60952; transaction id 20
2026-08-11  8:17:11 0 [Note] InnoDB: Loading buffer pool(s) from C:\dbase\mysql\data\ib_buffer_pool
2026-08-11  8:17:11 0 [Note] Plugin 'FEEDBACK' is disabled.
2026-08-11  8:17:11 0 [Note] Server socket created on IP: '::'.
2026-08-11  8:17:11 0 [Note] InnoDB: Buffer pool(s) load completed at 260811  8:17:11
2026-08-11  8:17:11 0 [Note] Reading of all Master_info entries succeeded
2026-08-11  8:17:11 0 [Note] Added new Master_info '' to hash table
2026-08-11  8:17:11 0 [Note] C:\dbase\mysql\bin\mysqld.exe: ready for connections.
Version: '10.4.32-MariaDB'  socket: ''  port: 3306  mariadb.org binary distribution
