2026-08-13  7:47:54 0 [Note] Starting MariaDB 10.4.32-MariaDB source revision c4143f909528e3fab0677a28631d10389354c491 as process 4860
2026-08-13  7:47:54 0 [Note] InnoDB: Mutexes and rw_locks use Windows interlocked functions
2026-08-13  7:47:54 0 [Note] InnoDB: Uses event mutexes
2026-08-13  7:47:54 0 [Note] InnoDB: Compressed tables use zlib 1.3
2026-08-13  7:47:54 0 [Note] InnoDB: Number of pools: 1
2026-08-13  7:47:54 0 [Note] InnoDB: Using SSE2 crc32 instructions
2026-08-13  7:47:54 0 [Note] InnoDB: Initializing buffer pool, total size = 16M, instances = 1, chunk size = 16M
2026-08-13  7:47:54 0 [Note] InnoDB: Completed initialization of buffer pool
2026-08-13  7:47:54 0 [Note] InnoDB: Starting crash recovery from checkpoint LSN=237175718
2026-08-13  7:47:54 0 [Note] InnoDB: 128 out of 128 rollback segments are active.
2026-08-13  7:47:54 0 [Note] InnoDB: Removed temporary tablespace data file: "ibtmp1"
2026-08-13  7:47:54 0 [Note] InnoDB: Creating shared tablespace for temporary tables
2026-08-13  7:47:54 0 [Note] InnoDB: Setting file 'C:\dbase\mysql\data\ibtmp1' size to 12 MB. Physically writing the file full; Please wait ...
2026-08-13  7:47:54 0 [Note] InnoDB: File 'C:\dbase\mysql\data\ibtmp1' size is now 12 MB.
2026-08-13  7:47:54 0 [Note] InnoDB: Waiting for purge to start
2026-08-13  7:47:54 0 [Note] InnoDB: 10.4.32 started; log sequence number 237175727; transaction id 100420
2026-08-13  7:47:54 0 [Note] InnoDB: Loading buffer pool(s) from C:\dbase\mysql\data\ib_buffer_pool
2026-08-13  7:47:54 0 [Note] Plugin 'FEEDBACK' is disabled.
2026-08-13  7:47:54 0 [Note] InnoDB: Buffer pool(s) load completed at 260813  7:47:54
2026-08-13  7:47:54 0 [Note] Server socket created on IP: '::'.
2026-08-14  8:14:32 0 [Note] Starting MariaDB 10.4.32-MariaDB source revision c4143f909528e3fab0677a28631d10389354c491 as process 7048
2026-08-14  8:14:32 0 [Note] InnoDB: Mutexes and rw_locks use Windows interlocked functions
2026-08-14  8:14:32 0 [Note] InnoDB: Uses event mutexes
2026-08-14  8:14:32 0 [Note] InnoDB: Compressed tables use zlib 1.3
2026-08-14  8:14:32 0 [Note] InnoDB: Number of pools: 1
2026-08-14  8:14:32 0 [Note] InnoDB: Using SSE2 crc32 instructions
2026-08-14  8:14:32 0 [Note] InnoDB: Initializing buffer pool, total size = 16M, instances = 1, chunk size = 16M
2026-08-14  8:14:32 0 [Note] InnoDB: Completed initialization of buffer pool
2026-08-14  8:14:32 0 [Note] InnoDB: Starting crash recovery from checkpoint LSN=361510040
2026-08-14  8:14:33 0 [Note] InnoDB: 128 out of 128 rollback segments are active.
2026-08-14  8:14:33 0 [Note] InnoDB: Removed temporary tablespace data file: "ibtmp1"
2026-08-14  8:14:33 0 [Note] InnoDB: Creating shared tablespace for temporary tables
2026-08-14  8:14:33 0 [Note] InnoDB: Setting file 'C:\dbase\mysql\data\ibtmp1' size to 12 MB. Physically writing the file full; Please wait ...
2026-08-14  8:14:33 0 [Note] InnoDB: File 'C:\dbase\mysql\data\ibtmp1' size is now 12 MB.
2026-08-14  8:14:33 0 [Note] InnoDB: Waiting for purge to start
2026-08-14  8:14:33 0 [Note] InnoDB: 10.4.32 started; log sequence number 361510049; transaction id 146148
2026-08-14  8:14:33 0 [Note] InnoDB: Loading buffer pool(s) from C:\dbase\mysql\data\ib_buffer_pool
2026-08-14  8:14:33 0 [Note] Plugin 'FEEDBACK' is disabled.
2026-08-14  8:14:33 0 [Note] InnoDB: Buffer pool(s) load completed at 260814  8:14:33
2026-08-14  8:14:33 0 [Note] Server socket created on IP: '::'.
2026-08-14  8:49:06 0 [Note] Starting MariaDB 10.4.32-MariaDB source revision c4143f909528e3fab0677a28631d10389354c491 as process 16976
2026-08-14  8:49:06 0 [Note] InnoDB: Mutexes and rw_locks use Windows interlocked functions
2026-08-14  8:49:06 0 [Note] InnoDB: Uses event mutexes
2026-08-14  8:49:06 0 [Note] InnoDB: Compressed tables use zlib 1.3
2026-08-14  8:49:06 0 [Note] InnoDB: Number of pools: 1
2026-08-14  8:49:06 0 [Note] InnoDB: Using SSE2 crc32 instructions
2026-08-14  8:49:06 0 [Note] InnoDB: Initializing buffer pool, total size = 16M, instances = 1, chunk size = 16M
2026-08-14  8:49:06 0 [Note] InnoDB: Completed initialization of buffer pool
2026-08-14  8:49:06 0 [Note] InnoDB: Starting crash recovery from checkpoint LSN=361742467
2026-08-14  8:49:06 0 [Note] InnoDB: Recovered page [page id: space=4318, page number=10] from the doublewrite buffer.
2026-08-14  8:49:06 0 [Note] InnoDB: Recovered page [page id: space=4318, page number=11] from the doublewrite buffer.
2026-08-14  8:49:06 0 [Note] InnoDB: Recovered page [page id: space=4318, page number=9] from the doublewrite buffer.
2026-08-14  8:49:06 0 [Note] InnoDB: Recovered page [page id: space=4318, page number=8] from the doublewrite buffer.
2026-08-14  8:49:06 0 [Note] InnoDB: Recovered page [page id: space=4318, page number=7] from the doublewrite buffer.
2026-08-14  8:49:06 0 [Note] InnoDB: Recovered page [page id: space=4318, page number=6] from the doublewrite buffer.
2026-08-14  8:49:06 0 [Note] InnoDB: Recovered page [page id: space=4318, page number=5] from the doublewrite buffer.
2026-08-14  8:49:06 0 [Note] InnoDB: Recovered page [page id: space=4318, page number=4] from the doublewrite buffer.
2026-08-14  8:49:06 0 [Note] InnoDB: Recovered page [page id: space=4318, page number=3] from the doublewrite buffer.
2026-08-14  8:49:06 0 [Note] InnoDB: Recovered page [page id: space=4318, page number=2] from the doublewrite buffer.
2026-08-14  8:49:06 0 [Note] InnoDB: Recovered page [page id: space=4318, page number=1] from the doublewrite buffer.
2026-08-14  8:49:06 0 [Note] InnoDB: Starting final batch to recover 44 pages from redo log.
2026-08-14  8:49:07 0 [Note] InnoDB: 128 out of 128 rollback segments are active.
2026-08-14  8:49:07 0 [Note] InnoDB: Removed temporary tablespace data file: "ibtmp1"
2026-08-14  8:49:07 0 [Note] InnoDB: Creating shared tablespace for temporary tables
2026-08-14  8:49:07 0 [Note] InnoDB: Setting file 'C:\dbase\mysql\data\ibtmp1' size to 12 MB. Physically writing the file full; Please wait ...
2026-08-14  8:49:07 0 [Note] InnoDB: File 'C:\dbase\mysql\data\ibtmp1' size is now 12 MB.
2026-08-14  8:49:07 0 [Note] InnoDB: Waiting for purge to start
2026-08-14  8:49:07 0 [Note] InnoDB: 10.4.32 started; log sequence number 361962975; transaction id 146287
2026-08-14  8:49:07 0 [Note] InnoDB: Loading buffer pool(s) from C:\dbase\mysql\data\ib_buffer_pool
2026-08-14  8:49:07 0 [Note] Plugin 'FEEDBACK' is disabled.
2026-08-14  8:49:07 0 [Note] Server socket created on IP: '::'.
2026-08-17 10:03:08 0 [Note] Starting MariaDB 10.4.32-MariaDB source revision c4143f909528e3fab0677a28631d10389354c491 as process 18360
2026-08-17 10:03:08 0 [Note] InnoDB: Mutexes and rw_locks use Windows interlocked functions
2026-08-17 10:03:08 0 [Note] InnoDB: Uses event mutexes
2026-08-17 10:03:08 0 [Note] InnoDB: Compressed tables use zlib 1.3
2026-08-17 10:03:08 0 [Note] InnoDB: Number of pools: 1
2026-08-17 10:03:08 0 [Note] InnoDB: Using SSE2 crc32 instructions
2026-08-17 10:03:08 0 [Note] InnoDB: Initializing buffer pool, total size = 16M, instances = 1, chunk size = 16M
2026-08-17 10:03:08 0 [Note] InnoDB: Completed initialization of buffer pool
2026-08-17 10:03:08 0 [Note] InnoDB: Starting crash recovery from checkpoint LSN=470347301
2026-08-17 10:03:09 0 [Note] InnoDB: 128 out of 128 rollback segments are active.
2026-08-17 10:03:09 0 [Note] InnoDB: Removed temporary tablespace data file: "ibtmp1"
2026-08-17 10:03:09 0 [Note] InnoDB: Creating shared tablespace for temporary tables
2026-08-17 10:03:09 0 [Note] InnoDB: Setting file 'C:\dbase\mysql\data\ibtmp1' size to 12 MB. Physically writing the file full; Please wait ...
2026-08-17 10:03:09 0 [Note] InnoDB: File 'C:\dbase\mysql\data\ibtmp1' size is now 12 MB.
2026-08-17 10:03:09 0 [Note] InnoDB: Waiting for purge to start
2026-08-17 10:03:09 0 [Note] InnoDB: 10.4.32 started; log sequence number 470347310; transaction id 177298
2026-08-17 10:03:09 0 [Note] InnoDB: Loading buffer pool(s) from C:\dbase\mysql\data\ib_buffer_pool
2026-08-17 10:03:09 0 [Note] Plugin 'FEEDBACK' is disabled.
2026-08-17 10:03:09 0 [Note] InnoDB: Buffer pool(s) load completed at 260817 10:03:09
2026-08-17 10:03:09 0 [Note] Server socket created on IP: '::'.
2026-08-17 10:12:42 0 [Note] Starting MariaDB 10.4.32-MariaDB source revision c4143f909528e3fab0677a28631d10389354c491 as process 10568
2026-08-17 10:12:42 0 [Note] InnoDB: Mutexes and rw_locks use Windows interlocked functions
2026-08-17 10:12:42 0 [Note] InnoDB: Uses event mutexes
2026-08-17 10:12:42 0 [Note] InnoDB: Compressed tables use zlib 1.3
2026-08-17 10:12:42 0 [Note] InnoDB: Number of pools: 1
2026-08-17 10:12:42 0 [Note] InnoDB: Using SSE2 crc32 instructions
2026-08-17 10:12:42 0 [Note] InnoDB: Initializing buffer pool, total size = 16M, instances = 1, chunk size = 16M
2026-08-17 10:12:42 0 [Note] InnoDB: Completed initialization of buffer pool
2026-08-17 10:12:42 0 [Note] InnoDB: 128 out of 128 rollback segments are active.
2026-08-17 10:12:42 0 [Note] InnoDB: Creating shared tablespace for temporary tables
2026-08-17 10:12:42 0 [Note] InnoDB: Setting file 'C:\dbase\mysql\data\ibtmp1' size to 12 MB. Physically writing the file full; Please wait ...
2026-08-17 10:12:42 0 [Note] InnoDB: File 'C:\dbase\mysql\data\ibtmp1' size is now 12 MB.
2026-08-17 10:12:42 0 [Note] InnoDB: Waiting for purge to start
2026-08-17 10:12:42 0 [Note] InnoDB: 10.4.32 started; log sequence number 470347319; transaction id 177298
2026-08-17 10:12:42 0 [Note] InnoDB: Loading buffer pool(s) from C:\dbase\mysql\data\ib_buffer_pool
2026-08-17 10:12:42 0 [Note] Plugin 'FEEDBACK' is disabled.
2026-08-17 10:12:42 0 [Note] InnoDB: Buffer pool(s) load completed at 260817 10:12:42
2026-08-17 10:12:42 0 [Note] Server socket created on IP: '::'.
2026-08-17 10:12:48 0 [Note] Starting MariaDB 10.4.32-MariaDB source revision c4143f909528e3fab0677a28631d10389354c491 as process 15788
2026-08-17 10:12:48 0 [Note] InnoDB: Mutexes and rw_locks use Windows interlocked functions
2026-08-17 10:12:48 0 [Note] InnoDB: Uses event mutexes
2026-08-17 10:12:48 0 [Note] InnoDB: Compressed tables use zlib 1.3
2026-08-17 10:12:48 0 [Note] InnoDB: Number of pools: 1
2026-08-17 10:12:48 0 [Note] InnoDB: Using SSE2 crc32 instructions
2026-08-17 10:12:48 0 [Note] InnoDB: Initializing buffer pool, total size = 16M, instances = 1, chunk size = 16M
2026-08-17 10:12:48 0 [Note] InnoDB: Completed initialization of buffer pool
2026-08-17 10:12:48 0 [Note] InnoDB: 128 out of 128 rollback segments are active.
2026-08-17 10:12:48 0 [Note] InnoDB: Creating shared tablespace for temporary tables
2026-08-17 10:12:48 0 [Note] InnoDB: Setting file 'C:\dbase\mysql\data\ibtmp1' size to 12 MB. Physically writing the file full; Please wait ...
2026-08-17 10:12:48 0 [Note] InnoDB: File 'C:\dbase\mysql\data\ibtmp1' size is now 12 MB.
2026-08-17 10:12:48 0 [Note] InnoDB: Waiting for purge to start
2026-08-17 10:12:48 0 [Note] InnoDB: 10.4.32 started; log sequence number 470347328; transaction id 177298
2026-08-17 10:12:48 0 [Note] InnoDB: Loading buffer pool(s) from C:\dbase\mysql\data\ib_buffer_pool
2026-08-17 10:12:48 0 [Note] Plugin 'FEEDBACK' is disabled.
2026-08-17 10:12:48 0 [Note] Server socket created on IP: '::'.
2026-08-17 10:13:00 0 [Note] Starting MariaDB 10.4.32-MariaDB source revision c4143f909528e3fab0677a28631d10389354c491 as process 11336
2026-08-17 10:13:00 0 [Note] InnoDB: Mutexes and rw_locks use Windows interlocked functions
2026-08-17 10:13:00 0 [Note] InnoDB: Uses event mutexes
2026-08-17 10:13:00 0 [Note] InnoDB: Compressed tables use zlib 1.3
2026-08-17 10:13:00 0 [Note] InnoDB: Number of pools: 1
2026-08-17 10:13:00 0 [Note] InnoDB: Using SSE2 crc32 instructions
2026-08-17 10:13:00 0 [Note] InnoDB: Initializing buffer pool, total size = 16M, instances = 1, chunk size = 16M
2026-08-17 10:13:00 0 [Note] InnoDB: Completed initialization of buffer pool
2026-08-17 10:13:00 0 [Note] InnoDB: 128 out of 128 rollback segments are active.
2026-08-17 10:13:00 0 [Note] InnoDB: Creating shared tablespace for temporary tables
2026-08-17 10:13:00 0 [Note] InnoDB: Setting file 'C:\dbase\mysql\data\ibtmp1' size to 12 MB. Physically writing the file full; Please wait ...
2026-08-17 10:13:00 0 [Note] InnoDB: File 'C:\dbase\mysql\data\ibtmp1' size is now 12 MB.
2026-08-17 10:13:00 0 [Note] InnoDB: Waiting for purge to start
2026-08-17 10:13:00 0 [Note] InnoDB: 10.4.32 started; log sequence number 470347337; transaction id 177298
2026-08-17 10:13:00 0 [Note] InnoDB: Loading buffer pool(s) from C:\dbase\mysql\data\ib_buffer_pool
2026-08-17 10:13:00 0 [Note] Plugin 'FEEDBACK' is disabled.
2026-08-17 10:13:00 0 [Note] Server socket created on IP: '::'.
2026-08-17 10:13:18 0 [Note] Starting MariaDB 10.4.32-MariaDB source revision c4143f909528e3fab0677a28631d10389354c491 as process 16148
2026-08-17 10:13:18 0 [Note] InnoDB: Mutexes and rw_locks use Windows interlocked functions
2026-08-17 10:13:18 0 [Note] InnoDB: Uses event mutexes
2026-08-17 10:13:18 0 [Note] InnoDB: Compressed tables use zlib 1.3
2026-08-17 10:13:18 0 [Note] InnoDB: Number of pools: 1
2026-08-17 10:13:18 0 [Note] InnoDB: Using SSE2 crc32 instructions
2026-08-17 10:13:18 0 [Note] InnoDB: Initializing buffer pool, total size = 16M, instances = 1, chunk size = 16M
2026-08-17 10:13:18 0 [Note] InnoDB: Completed initialization of buffer pool
2026-08-17 10:13:18 0 [Note] InnoDB: Starting crash recovery from checkpoint LSN=470347337
2026-08-17 10:13:18 0 [Note] InnoDB: 128 out of 128 rollback segments are active.
2026-08-17 10:13:18 0 [Note] InnoDB: Removed temporary tablespace data file: "ibtmp1"
2026-08-17 10:13:18 0 [Note] InnoDB: Creating shared tablespace for temporary tables
2026-08-17 10:13:18 0 [Note] InnoDB: Setting file 'C:\dbase\mysql\data\ibtmp1' size to 12 MB. Physically writing the file full; Please wait ...
2026-08-17 10:13:18 0 [Note] InnoDB: File 'C:\dbase\mysql\data\ibtmp1' size is now 12 MB.
2026-08-17 10:13:18 0 [Note] InnoDB: Waiting for purge to start
2026-08-17 10:13:18 0 [Note] InnoDB: 10.4.32 started; log sequence number 470347346; transaction id 177298
2026-08-17 10:13:18 0 [Note] InnoDB: Loading buffer pool(s) from C:\dbase\mysql\data\ib_buffer_pool
2026-08-17 10:13:18 0 [Note] Plugin 'FEEDBACK' is disabled.
2026-08-17 10:13:18 0 [Note] Server socket created on IP: '::'.
2026-08-17 10:13:51 0 [Note] Starting MariaDB 10.4.32-MariaDB source revision c4143f909528e3fab0677a28631d10389354c491 as process 11148
2026-08-17 10:13:51 0 [Note] InnoDB: Mutexes and rw_locks use Windows interlocked functions
2026-08-17 10:13:51 0 [Note] InnoDB: Uses event mutexes
2026-08-17 10:13:51 0 [Note] InnoDB: Compressed tables use zlib 1.3
2026-08-17 10:13:51 0 [Note] InnoDB: Number of pools: 1
2026-08-17 10:13:51 0 [Note] InnoDB: Using SSE2 crc32 instructions
2026-08-17 10:13:51 0 [Note] InnoDB: Initializing buffer pool, total size = 16M, instances = 1, chunk size = 16M
2026-08-17 10:13:51 0 [Note] InnoDB: Completed initialization of buffer pool
2026-08-17 10:13:51 0 [Note] InnoDB: 128 out of 128 rollback segments are active.
2026-08-17 10:13:51 0 [Note] InnoDB: Creating shared tablespace for temporary tables
2026-08-17 10:13:51 0 [Note] InnoDB: Setting file 'C:\dbase\mysql\data\ibtmp1' size to 12 MB. Physically writing the file full; Please wait ...
2026-08-17 10:13:51 0 [Note] InnoDB: File 'C:\dbase\mysql\data\ibtmp1' size is now 12 MB.
2026-08-17 10:13:51 0 [Note] InnoDB: Waiting for purge to start
2026-08-17 10:13:51 0 [Note] InnoDB: 10.4.32 started; log sequence number 470347355; transaction id 177298
2026-08-17 10:13:51 0 [Note] InnoDB: Loading buffer pool(s) from C:\dbase\mysql\data\ib_buffer_pool
2026-08-17 10:13:51 0 [Note] Plugin 'FEEDBACK' is disabled.
2026-08-17 10:13:51 0 [Note] Server socket created on IP: '::'.
2026-08-17 10:13:54 0 [Note] Starting MariaDB 10.4.32-MariaDB source revision c4143f909528e3fab0677a28631d10389354c491 as process 18348
2026-08-17 10:13:54 0 [Note] InnoDB: Mutexes and rw_locks use Windows interlocked functions
2026-08-17 10:13:54 0 [Note] InnoDB: Uses event mutexes
2026-08-17 10:13:54 0 [Note] InnoDB: Compressed tables use zlib 1.3
2026-08-17 10:13:54 0 [Note] InnoDB: Number of pools: 1
2026-08-17 10:13:54 0 [Note] InnoDB: Using SSE2 crc32 instructions
2026-08-17 10:13:54 0 [Note] InnoDB: Initializing buffer pool, total size = 16M, instances = 1, chunk size = 16M
2026-08-17 10:13:54 0 [Note] InnoDB: Completed initialization of buffer pool
2026-08-17 10:13:54 0 [Note] InnoDB: 128 out of 128 rollback segments are active.
2026-08-17 10:13:54 0 [Note] InnoDB: Creating shared tablespace for temporary tables
2026-08-17 10:13:54 0 [Note] InnoDB: Setting file 'C:\dbase\mysql\data\ibtmp1' size to 12 MB. Physically writing the file full; Please wait ...
2026-08-17 10:13:54 0 [Note] InnoDB: File 'C:\dbase\mysql\data\ibtmp1' size is now 12 MB.
2026-08-17 10:13:54 0 [Note] InnoDB: Waiting for purge to start
2026-08-17 10:13:54 0 [Note] InnoDB: 10.4.32 started; log sequence number 470347364; transaction id 177298
2026-08-17 10:13:54 0 [Note] InnoDB: Loading buffer pool(s) from C:\dbase\mysql\data\ib_buffer_pool
2026-08-17 10:13:54 0 [Note] Plugin 'FEEDBACK' is disabled.
2026-08-17 10:13:54 0 [Note] Server socket created on IP: '::'.
2026-08-17 10:14:04 0 [Note] Starting MariaDB 10.4.32-MariaDB source revision c4143f909528e3fab0677a28631d10389354c491 as process 7376
2026-08-17 10:14:04 0 [Note] InnoDB: Mutexes and rw_locks use Windows interlocked functions
2026-08-17 10:14:04 0 [Note] InnoDB: Uses event mutexes
2026-08-17 10:14:04 0 [Note] InnoDB: Compressed tables use zlib 1.3
2026-08-17 10:14:04 0 [Note] InnoDB: Number of pools: 1
2026-08-17 10:14:04 0 [Note] InnoDB: Using SSE2 crc32 instructions
2026-08-17 10:14:04 0 [Note] InnoDB: Initializing buffer pool, total size = 16M, instances = 1, chunk size = 16M
2026-08-17 10:14:04 0 [Note] InnoDB: Completed initialization of buffer pool
2026-08-17 10:14:05 0 [Note] InnoDB: 128 out of 128 rollback segments are active.
2026-08-17 10:14:05 0 [Note] InnoDB: Creating shared tablespace for temporary tables
2026-08-17 10:14:05 0 [Note] InnoDB: Setting file 'C:\dbase\mysql\data\ibtmp1' size to 12 MB. Physically writing the file full; Please wait ...
2026-08-17 10:14:05 0 [Note] InnoDB: File 'C:\dbase\mysql\data\ibtmp1' size is now 12 MB.
2026-08-17 10:14:05 0 [Note] InnoDB: Waiting for purge to start
2026-08-17 10:14:05 0 [Note] InnoDB: 10.4.32 started; log sequence number 470347373; transaction id 177298
2026-08-17 10:14:05 0 [Note] InnoDB: Loading buffer pool(s) from C:\dbase\mysql\data\ib_buffer_pool
2026-08-17 10:14:05 0 [Note] Plugin 'FEEDBACK' is disabled.
2026-08-17 10:14:05 0 [Note] Server socket created on IP: '::'.
2026-08-17 10:14:05 0 [Note] InnoDB: 2026-08-17 10:14:41 0 [Note] Starting MariaDB 10.4.32-MariaDB source revision c4143f909528e3fab0677a28631d10389354c491 as process 1216
2026-08-17 10:14:41 0 [Note] InnoDB: Mutexes and rw_locks use Windows interlocked functions
2026-08-17 10:14:41 0 [Note] InnoDB: Uses event mutexes
2026-08-17 10:14:41 0 [Note] InnoDB: Compressed tables use zlib 1.3
2026-08-17 10:14:41 0 [Note] InnoDB: Number of pools: 1
2026-08-17 10:14:41 0 [Note] InnoDB: Using SSE2 crc32 instructions
2026-08-17 10:14:41 0 [Note] InnoDB: Initializing buffer pool, total size = 16M, instances = 1, chunk size = 16M
2026-08-17 10:14:41 0 [Note] InnoDB: Completed initialization of buffer pool
2026-08-17 10:14:41 0 [Note] InnoDB: 128 out of 128 rollback segments are active.
2026-08-17 10:14:41 0 [Note] InnoDB: Creating shared tablespace for temporary tables
2026-08-17 10:14:41 0 [Note] InnoDB: Setting file 'C:\dbase\mysql\data\ibtmp1' size to 12 MB. Physically writing the file full; Please wait ...
2026-08-17 10:14:41 0 [Note] InnoDB: File 'C:\dbase\mysql\data\ibtmp1' size is now 12 MB.
2026-08-17 10:14:41 0 [Note] InnoDB: Waiting for purge to start
2026-08-17 10:14:41 0 [Note] InnoDB: 10.4.32 started; log sequence number 470347382; transaction id 177298
2026-08-17 10:14:41 0 [Note] InnoDB: Loading buffer pool(s) from C:\dbase\mysql\data\ib_buffer_pool
2026-08-17 10:14:41 0 [Note] Plugin 'FEEDBACK' is disabled.
2026-08-17 10:14:41 0 [Note] Server socket created on IP: '::'.
2026-08-17 10:19:12 0 [Note] Starting MariaDB 10.4.32-MariaDB source revision c4143f909528e3fab0677a28631d10389354c491 as process 13948
2026-08-17 10:19:12 0 [Note] InnoDB: Mutexes and rw_locks use Windows interlocked functions
2026-08-17 10:19:12 0 [Note] InnoDB: Uses event mutexes
2026-08-17 10:19:12 0 [Note] InnoDB: Compressed tables use zlib 1.3
2026-08-17 10:19:12 0 [Note] InnoDB: Number of pools: 1
2026-08-17 10:19:12 0 [Note] InnoDB: Using SSE2 crc32 instructions
2026-08-17 10:19:12 0 [Note] InnoDB: Initializing buffer pool, total size = 16M, instances = 1, chunk size = 16M
2026-08-17 10:19:12 0 [Note] InnoDB: Completed initialization of buffer pool
2026-08-17 10:19:12 0 [Note] InnoDB: Starting crash recovery from checkpoint LSN=470347382
2026-08-17 10:19:13 0 [Note] InnoDB: 128 out of 128 rollback segments are active.
2026-08-17 10:19:13 0 [Note] InnoDB: Removed temporary tablespace data file: "ibtmp1"
2026-08-17 10:19:13 0 [Note] InnoDB: Creating shared tablespace for temporary tables
2026-08-17 10:19:13 0 [Note] InnoDB: Setting file 'C:\dbase\mysql\data\ibtmp1' size to 12 MB. Physically writing the file full; Please wait ...
2026-08-17 10:19:13 0 [Note] InnoDB: File 'C:\dbase\mysql\data\ibtmp1' size is now 12 MB.
2026-08-17 10:19:13 0 [Note] InnoDB: Waiting for purge to start
2026-08-17 10:19:13 0 [Note] InnoDB: 10.4.32 started; log sequence number 470347391; transaction id 177298
2026-08-17 10:19:13 0 [Note] InnoDB: Loading buffer pool(s) from C:\dbase\mysql\data\ib_buffer_pool
2026-08-17 10:19:13 0 [Note] Plugin 'FEEDBACK' is disabled.
2026-08-17 10:19:13 0 [Note] InnoDB: Buffer pool(s) load completed at 260817 10:19:13
2026-08-17 10:19:13 0 [Note] Server socket created on IP: '::'.
2026-08-17 10:19:29 0 [Note] Starting MariaDB 10.4.32-MariaDB source revision c4143f909528e3fab0677a28631d10389354c491 as process 10148
2026-08-17 10:19:29 0 [Note] InnoDB: Mutexes and rw_locks use Windows interlocked functions
2026-08-17 10:19:29 0 [Note] InnoDB: Uses event mutexes
2026-08-17 10:19:29 0 [Note] InnoDB: Compressed tables use zlib 1.3
2026-08-17 10:19:29 0 [Note] InnoDB: Number of pools: 1
2026-08-17 10:19:29 0 [Note] InnoDB: Using SSE2 crc32 instructions
2026-08-17 10:19:29 0 [Note] InnoDB: Initializing buffer pool, total size = 16M, instances = 1, chunk size = 16M
2026-08-17 10:19:29 0 [Note] InnoDB: Completed initialization of buffer pool
2026-08-17 10:19:29 0 [Note] InnoDB: Starting crash recovery from checkpoint LSN=470347382
2026-08-17 10:19:29 0 [Note] InnoDB: 128 out of 128 rollback segments are active.
2026-08-17 10:19:29 0 [Note] InnoDB: Removed temporary tablespace data file: "ibtmp1"
2026-08-17 10:19:29 0 [Note] InnoDB: Creating shared tablespace for temporary tables
2026-08-17 10:19:29 0 [Note] InnoDB: Setting file 'C:\dbase\mysql\data\ibtmp1' size to 12 MB. Physically writing the file full; Please wait ...
2026-08-17 10:19:29 0 [Note] InnoDB: File 'C:\dbase\mysql\data\ibtmp1' size is now 12 MB.
2026-08-17 10:19:29 0 [Note] InnoDB: Waiting for purge to start
2026-08-17 10:19:29 0 [Note] InnoDB: 10.4.32 started; log sequence number 470347400; transaction id 177298
2026-08-17 10:19:29 0 [Note] InnoDB: Loading buffer pool(s) from C:\dbase\mysql\data\ib_buffer_pool
2026-08-17 10:19:29 0 [Note] Plugin 'FEEDBACK' is disabled.
2026-08-17 10:19:29 0 [Note] Server socket created on IP: '::'.
2026-08-17 10:19:29 0 [Note] InnoDB: Buffer pool(s) load completed at 260817 10:19:29
2026-08-17 10:19:33 0 [Note] Starting MariaDB 10.4.32-MariaDB source revision c4143f909528e3fab0677a28631d10389354c491 as process 9028
2026-08-17 10:19:33 0 [Note] InnoDB: Mutexes and rw_locks use Windows interlocked functions
2026-08-17 10:19:33 0 [Note] InnoDB: Uses event mutexes
2026-08-17 10:19:33 0 [Note] InnoDB: Compressed tables use zlib 1.3
2026-08-17 10:19:33 0 [Note] InnoDB: Number of pools: 1
2026-08-17 10:19:33 0 [Note] InnoDB: Using SSE2 crc32 instructions
2026-08-17 10:19:33 0 [Note] InnoDB: Initializing buffer pool, total size = 16M, instances = 1, chunk size = 16M
2026-08-17 10:19:33 0 [Note] InnoDB: Completed initialization of buffer pool
2026-08-17 10:19:33 0 [Note] InnoDB: 128 out of 128 rollback segments are active.
2026-08-17 10:19:33 0 [Note] InnoDB: Creating shared tablespace for temporary tables
2026-08-17 10:19:33 0 [Note] InnoDB: Setting file 'C:\dbase\mysql\data\ibtmp1' size to 12 MB. Physically writing the file full; Please wait ...
2026-08-17 10:19:33 0 [Note] InnoDB: File 'C:\dbase\mysql\data\ibtmp1' size is now 12 MB.
2026-08-17 10:19:33 0 [Note] InnoDB: Waiting for purge to start
2026-08-17 10:19:33 0 [Note] InnoDB: 10.4.32 started; log sequence number 470347409; transaction id 177298
2026-08-17 10:19:33 0 [Note] InnoDB: Loading buffer pool(s) from C:\dbase\mysql\data\ib_buffer_pool
2026-08-17 10:19:33 0 [Note] Plugin 'FEEDBACK' is disabled.
2026-08-17 10:19:33 0 [Note] Server socket created on IP: '::'.
